../Core/Src/main.c:103:5:main	8	static
../Core/Src/main.c:211:6:SystemClock_Config	88	static
../Core/Src/main.c:258:13:MX_ADC1_Init	24	static
../Core/Src/main.c:310:13:MX_SPI1_Init	8	static
../Core/Src/main.c:349:13:MX_USART1_UART_Init	8	static
../Core/Src/main.c:402:13:MX_GPIO_Init	40	static
../Core/Src/main.c:444:6:HAL_SPI_TxCpltCallback	16	static
../Core/Src/main.c:455:6:HAL_SPI_RxCpltCallback	16	static
../Core/Src/main.c:462:6:HAL_SPI_TxRxCpltCallback	16	static
../Core/Src/main.c:483:5:__io_putchar	16	static
../Core/Src/main.c:489:7:_write	32	static
../Core/Src/main.c:495:6:printByteArray	24	static
../Core/Src/main.c:506:6:canMsgTx	24	static
../Core/Src/main.c:544:6:Read_ADC_Polling	24	static
../Core/Src/main.c:566:7:scaleValue	40	static
../Core/Src/main.c:582:6:StartTaskADC	224	static
../Core/Src/main.c:865:6:StartTaskSPI	112	static
../Core/Src/main.c:1141:6:HAL_TIM_PeriodElapsedCallback	16	static
../Core/Src/main.c:1158:6:Error_Handler	4	static,ignoring_inline_asm
