../Core/Src/main.c:109:5:main	8	static
../Core/Src/main.c:221:6:SystemClock_Config	88	static
../Core/Src/main.c:268:13:MX_SPI1_Init	8	static
../Core/Src/main.c:306:13:MX_USART1_UART_Init	8	static
../Core/Src/main.c:339:13:MX_GPIO_Init	40	static
../Core/Src/main.c:385:6:HAL_SPI_TxCpltCallback	16	static
../Core/Src/main.c:396:6:HAL_SPI_RxCpltCallback	16	static
../Core/Src/main.c:402:6:HAL_SPI_TxRxCpltCallback	16	static
../Core/Src/main.c:408:6:HAL_GPIO_EXTI_Callback	16	static
../Core/Src/main.c:419:5:__io_putchar	16	static
../Core/Src/main.c:425:7:_write	32	static
../Core/Src/main.c:431:6:printByteArray	24	static
../Core/Src/main.c:442:6:canMsgTx	32	static
../Core/Src/main.c:484:6:StartTaskADC	64	static
../Core/Src/main.c:564:6:StartTaskCAN	24	static
../Core/Src/main.c:639:6:StartTaskSPI	56	static
../Core/Src/main.c:859:6:HAL_TIM_PeriodElapsedCallback	16	static
../Core/Src/main.c:876:6:Error_Handler	4	static,ignoring_inline_asm
