../Core/Src/main.c:103:5:main	8	static
../Core/Src/main.c:210:6:SystemClock_Config	88	static
../Core/Src/main.c:257:13:MX_ADC1_Init	24	static
../Core/Src/main.c:309:13:MX_SPI1_Init	8	static
../Core/Src/main.c:347:13:MX_USART1_UART_Init	8	static
../Core/Src/main.c:400:13:MX_GPIO_Init	40	static
../Core/Src/main.c:442:6:HAL_SPI_TxCpltCallback	16	static
../Core/Src/main.c:453:6:HAL_SPI_RxCpltCallback	16	static
../Core/Src/main.c:460:6:HAL_SPI_TxRxCpltCallback	16	static
../Core/Src/main.c:481:5:__io_putchar	16	static
../Core/Src/main.c:487:7:_write	32	static
../Core/Src/main.c:493:6:printByteArray	24	static
../Core/Src/main.c:504:6:canMsgTx	24	static
../Core/Src/main.c:535:6:Read_ADC_Polling	24	static
../Core/Src/main.c:557:7:scaleValue	40	static
../Core/Src/main.c:573:6:StartTaskADC	216	static
../Core/Src/main.c:765:6:StartTaskSPI	112	static
../Core/Src/main.c:1040:6:HAL_TIM_PeriodElapsedCallback	16	static
../Core/Src/main.c:1057:6:Error_Handler	4	static,ignoring_inline_asm
